[Tue Dec 06 00:39:02.499300 2016] [:error] [pid 5233] [client 148.100.131.40:61538] PHP Notice:  Undefined index: loggedin in /var/www/html/index2.php on line 3
[Tue Dec 06 00:39:05.592533 2016] [:error] [pid 5233] [client 148.100.131.40:61538] PHP Notice:  Undefined index: loggedin in /var/www/html/index2.php on line 3, referer: https://10.10.7.165/index2.php
[Tue Dec 06 00:39:05.605970 2016] [:error] [pid 5233] [client 148.100.131.40:61538] PHP Notice:  Use of undefined constant ob_start - assumed 'ob_start' in /var/www/html/index2.php on line 46, referer: https://10.10.7.165/index2.php
[Tue Dec 06 00:39:05.606009 2016] [:error] [pid 5233] [client 148.100.131.40:61538] PHP Notice:  Use of undefined constant ob_clean - assumed 'ob_clean' in /var/www/html/index2.php on line 48, referer: https://10.10.7.165/index2.php
[Tue Dec 06 00:39:09.236832 2016] [:error] [pid 5233] [client 148.100.131.40:61538] PHP Notice:  Undefined variable: db_conn in /var/www/html/clientview2.php on line 37, referer: https://10.10.7.165/lifecoachlanding3.php
[Tue Dec 06 00:39:09.236859 2016] [:error] [pid 5233] [client 148.100.131.40:61538] PHP Warning:  pg_query() expects parameter 1 to be resource, null given in /var/www/html/clientview2.php on line 37, referer: https://10.10.7.165/lifecoachlanding3.php
[Tue Dec 06 00:39:09.236866 2016] [:error] [pid 5233] [client 148.100.131.40:61538] PHP Warning:  pg_fetch_array() expects parameter 1 to be resource, null given in /var/www/html/clientview2.php on line 38, referer: https://10.10.7.165/lifecoachlanding3.php
[Tue Dec 06 00:39:09.236873 2016] [:error] [pid 5233] [client 148.100.131.40:61538] PHP Notice:  Undefined variable: db_conn in /var/www/html/clientview2.php on line 41, referer: https://10.10.7.165/lifecoachlanding3.php
[Tue Dec 06 00:39:09.236900 2016] [:error] [pid 5233] [client 148.100.131.40:61538] PHP Warning:  pg_query() expects parameter 1 to be resource, null given in /var/www/html/clientview2.php on line 41, referer: https://10.10.7.165/lifecoachlanding3.php
[Tue Dec 06 00:39:09.236906 2016] [:error] [pid 5233] [client 148.100.131.40:61538] PHP Warning:  pg_fetch_array() expects parameter 1 to be resource, null given in /var/www/html/clientview2.php on line 42, referer: https://10.10.7.165/lifecoachlanding3.php
[Tue Dec 06 00:39:09.236912 2016] [:error] [pid 5233] [client 148.100.131.40:61538] PHP Notice:  Undefined variable: db_conn in /var/www/html/clientview2.php on line 44, referer: https://10.10.7.165/lifecoachlanding3.php
[Tue Dec 06 00:39:09.236916 2016] [:error] [pid 5233] [client 148.100.131.40:61538] PHP Warning:  pg_query() expects parameter 1 to be resource, null given in /var/www/html/clientview2.php on line 44, referer: https://10.10.7.165/lifecoachlanding3.php
[Tue Dec 06 00:39:09.236921 2016] [:error] [pid 5233] [client 148.100.131.40:61538] PHP Warning:  pg_fetch_array() expects parameter 1 to be resource, null given in /var/www/html/clientview2.php on line 45, referer: https://10.10.7.165/lifecoachlanding3.php
[Tue Dec 06 00:39:09.236926 2016] [:error] [pid 5233] [client 148.100.131.40:61538] PHP Notice:  Undefined variable: db_conn in /var/www/html/clientview2.php on line 52, referer: https://10.10.7.165/lifecoachlanding3.php
[Tue Dec 06 00:39:09.236930 2016] [:error] [pid 5233] [client 148.100.131.40:61538] PHP Warning:  pg_query() expects parameter 1 to be resource, null given in /var/www/html/clientview2.php on line 52, referer: https://10.10.7.165/lifecoachlanding3.php
[Tue Dec 06 00:39:09.236935 2016] [:error] [pid 5233] [client 148.100.131.40:61538] PHP Warning:  pg_fetch_array() expects parameter 1 to be resource, null given in /var/www/html/clientview2.php on line 53, referer: https://10.10.7.165/lifecoachlanding3.php
[Tue Dec 06 00:39:09.236940 2016] [:error] [pid 5233] [client 148.100.131.40:61538] PHP Notice:  Undefined variable: db_conn in /var/www/html/clientview2.php on line 59, referer: https://10.10.7.165/lifecoachlanding3.php
[Tue Dec 06 00:39:09.236944 2016] [:error] [pid 5233] [client 148.100.131.40:61538] PHP Warning:  pg_query() expects parameter 1 to be resource, null given in /var/www/html/clientview2.php on line 59, referer: https://10.10.7.165/lifecoachlanding3.php
[Tue Dec 06 00:39:09.236948 2016] [:error] [pid 5233] [client 148.100.131.40:61538] PHP Warning:  pg_fetch_array() expects parameter 1 to be resource, null given in /var/www/html/clientview2.php on line 60, referer: https://10.10.7.165/lifecoachlanding3.php
[Tue Dec 06 00:39:09.236953 2016] [:error] [pid 5233] [client 148.100.131.40:61538] PHP Notice:  Undefined variable: db_conn in /var/www/html/clientview2.php on line 66, referer: https://10.10.7.165/lifecoachlanding3.php
[Tue Dec 06 00:39:09.236958 2016] [:error] [pid 5233] [client 148.100.131.40:61538] PHP Warning:  pg_query() expects parameter 1 to be resource, null given in /var/www/html/clientview2.php on line 66, referer: https://10.10.7.165/lifecoachlanding3.php
[Tue Dec 06 00:39:09.236962 2016] [:error] [pid 5233] [client 148.100.131.40:61538] PHP Warning:  pg_fetch_array() expects parameter 1 to be resource, null given in /var/www/html/clientview2.php on line 67, referer: https://10.10.7.165/lifecoachlanding3.php
[Tue Dec 06 00:39:09.239473 2016] [:error] [pid 5233] [client 148.100.131.40:61538] PHP Notice:  Undefined variable: db_conn in /var/www/html/clientview2.php on line 182, referer: https://10.10.7.165/lifecoachlanding3.php
[Tue Dec 06 00:39:09.239484 2016] [:error] [pid 5233] [client 148.100.131.40:61538] PHP Warning:  pg_query() expects parameter 1 to be resource, null given in /var/www/html/clientview2.php on line 182, referer: https://10.10.7.165/lifecoachlanding3.php
[Tue Dec 06 00:39:09.239489 2016] [:error] [pid 5233] [client 148.100.131.40:61538] PHP Warning:  pg_fetch_array() expects parameter 1 to be resource, null given in /var/www/html/clientview2.php on line 183, referer: https://10.10.7.165/lifecoachlanding3.php
[Tue Dec 06 00:39:09.239509 2016] [:error] [pid 5233] [client 148.100.131.40:61538] PHP Notice:  Undefined variable: db_conn in /var/www/html/clientview2.php on line 198, referer: https://10.10.7.165/lifecoachlanding3.php
[Tue Dec 06 00:39:09.239515 2016] [:error] [pid 5233] [client 148.100.131.40:61538] PHP Warning:  pg_query() expects parameter 1 to be resource, null given in /var/www/html/clientview2.php on line 198, referer: https://10.10.7.165/lifecoachlanding3.php
[Tue Dec 06 00:39:09.239521 2016] [:error] [pid 5233] [client 148.100.131.40:61538] PHP Warning:  pg_num_rows() expects parameter 1 to be resource, null given in /var/www/html/clientview2.php on line 199, referer: https://10.10.7.165/lifecoachlanding3.php
[Tue Dec 06 00:39:09.239526 2016] [:error] [pid 5233] [client 148.100.131.40:61538] PHP Warning:  pg_fetch_array() expects parameter 1 to be resource, null given in /var/www/html/clientview2.php on line 202, referer: https://10.10.7.165/lifecoachlanding3.php
[Tue Dec 06 01:01:16.114111 2016] [:error] [pid 4527] [client 148.100.131.40:63801] PHP Warning:  pg_query(): Query failed: ERROR:  column &quot;name&quot; does not exist\nLINE 1: SELECT name FROM clientlist\n               ^ in /var/www/html/addRelation.php on line 79, referer: https://10.10.7.165/clientview2.php/?p=9
[Tue Dec 06 01:01:16.114237 2016] [:error] [pid 4527] [client 148.100.131.40:63801] PHP Warning:  pg_fetch_array() expects parameter 1 to be resource, boolean given in /var/www/html/addRelation.php on line 83, referer: https://10.10.7.165/clientview2.php/?p=9
[Tue Dec 06 01:01:16.114761 2016] [:error] [pid 4527] [client 148.100.131.40:63801] PHP Warning:  pg_query(): Query failed: ERROR:  column &quot;name&quot; does not exist\nLINE 1: SELECT name FROM adminlist\n               ^ in /var/www/html/addRelation.php on line 89, referer: https://10.10.7.165/clientview2.php/?p=9
[Tue Dec 06 01:01:16.114776 2016] [:error] [pid 4527] [client 148.100.131.40:63801] PHP Warning:  pg_fetch_array() expects parameter 1 to be resource, boolean given in /var/www/html/addRelation.php on line 93, referer: https://10.10.7.165/clientview2.php/?p=9
[Tue Dec 06 01:06:51.595268 2016] [:error] [pid 4175] [client 148.100.131.40:63908] PHP Notice:  Undefined index: p in /var/www/html/addRelation.php on line 72, referer: https://10.10.7.165/clientview2.php/?p=9
[Tue Dec 06 01:07:22.930243 2016] [:error] [pid 4364] [client 148.100.131.40:63916] PHP Notice:  Undefined variable: client in /var/www/html/addRelation.php on line 56, referer: https://10.10.7.165/addRelation.php/?p=
[Tue Dec 06 01:07:22.930956 2016] [:error] [pid 4364] [client 148.100.131.40:63916] PHP Warning:  pg_query(): Query failed: ERROR:  syntax error at or near &quot;'Mother'&quot;\nLINE 1: insert into relations 'Mother' ''\n                              ^ in /var/www/html/addRelation.php on line 58, referer: https://10.10.7.165/addRelation.php/?p=
[Tue Dec 06 01:08:07.416675 2016] [:error] [pid 5232] [client 148.100.131.40:63919] PHP Notice:  Use of undefined constant ob_start - assumed 'ob_start' in /var/www/html/index2.php on line 5, referer: https://10.10.7.165/addRelation.php/addRelation.php/?p=
[Tue Dec 06 01:08:07.416753 2016] [:error] [pid 5232] [client 148.100.131.40:63919] PHP Notice:  Use of undefined constant ob_clean - assumed 'ob_clean' in /var/www/html/index2.php on line 7, referer: https://10.10.7.165/addRelation.php/addRelation.php/?p=
[Tue Dec 06 01:08:47.737173 2016] [:error] [pid 4527] [client 148.100.166.235:50827] PHP Notice:  Undefined index: loggedin in /var/www/html/index2.php on line 3
[Tue Dec 06 01:08:52.102142 2016] [:error] [pid 4527] [client 148.100.166.235:50827] PHP Notice:  Undefined index: loggedin in /var/www/html/index2.php on line 3, referer: https://10.10.7.165/index2.php
[Tue Dec 06 01:08:57.131516 2016] [:error] [pid 4527] [client 148.100.166.235:50827] PHP Notice:  Undefined index: loggedin in /var/www/html/index2.php on line 3, referer: https://10.10.7.165/index2.php
[Tue Dec 06 01:08:57.153247 2016] [:error] [pid 4527] [client 148.100.166.235:50827] PHP Notice:  Use of undefined constant ob_start - assumed 'ob_start' in /var/www/html/index2.php on line 46, referer: https://10.10.7.165/index2.php
[Tue Dec 06 01:08:57.153289 2016] [:error] [pid 4527] [client 148.100.166.235:50827] PHP Notice:  Use of undefined constant ob_clean - assumed 'ob_clean' in /var/www/html/index2.php on line 48, referer: https://10.10.7.165/index2.php
[Tue Dec 06 01:10:01.441471 2016] [:error] [pid 4172] [client 148.100.166.235:50834] PHP Warning:  pg_query(): Query failed: ERROR:  column &quot;name&quot; does not exist\nLINE 1: SELECT name, username FROM people p, lifecoaches l\n               ^ in /var/www/html/addClient.php on line 108, referer: https://10.10.7.165/adminlanding3.php
[Tue Dec 06 01:10:01.441518 2016] [:error] [pid 4172] [client 148.100.166.235:50834] PHP Warning:  pg_fetch_array() expects parameter 1 to be resource, boolean given in /var/www/html/addClient.php on line 112, referer: https://10.10.7.165/adminlanding3.php
[Tue Dec 06 01:19:53.985784 2016] [:error] [pid 5234] [client 148.100.131.40:64007] PHP Notice:  Undefined index: loggedin in /var/www/html/clientview2.php on line 6
[Tue Dec 06 01:19:53.996968 2016] [:error] [pid 5234] [client 148.100.131.40:64007] PHP Notice:  Undefined index: loggedin in /var/www/html/index2.php on line 3
[Tue Dec 06 01:20:01.991327 2016] [:error] [pid 5235] [client 148.100.131.40:64010] PHP Notice:  Undefined index: loggedin in /var/www/html/index2.php on line 3, referer: https://10.10.7.165/index2.php
[Tue Dec 06 01:20:02.006400 2016] [:error] [pid 5235] [client 148.100.131.40:64010] PHP Notice:  Use of undefined constant ob_start - assumed 'ob_start' in /var/www/html/index2.php on line 46, referer: https://10.10.7.165/index2.php
[Tue Dec 06 01:20:02.006478 2016] [:error] [pid 5235] [client 148.100.131.40:64010] PHP Notice:  Use of undefined constant ob_clean - assumed 'ob_clean' in /var/www/html/index2.php on line 48, referer: https://10.10.7.165/index2.php
[Tue Dec 06 01:20:18.563546 2016] [:error] [pid 4527] [client 148.100.131.40:64015] PHP Parse error:  syntax error, unexpected '","' (T_CONSTANT_ENCAPSED_STRING) in /var/www/html/addRelation.php on line 49, referer: https://10.10.7.165/clientview2.php/?p=9
[Tue Dec 06 01:21:14.800968 2016] [:error] [pid 5233] [client 148.100.131.40:64044] PHP Notice:  Undefined variable: client in /var/www/html/addRelation.php on line 49, referer: https://10.10.7.165/addRelation.php/?p=9
[Tue Dec 06 01:21:14.801604 2016] [:error] [pid 5233] [client 148.100.131.40:64044] PHP Warning:  pg_query(): Query failed: ERROR:  syntax error at or near &quot;9&quot;\nLINE 1: insert into relations (9,,'Gmother')\n                               ^ in /var/www/html/addRelation.php on line 51, referer: https://10.10.7.165/addRelation.php/?p=9
[Tue Dec 06 01:22:50.333493 2016] [:error] [pid 4527] [client 148.100.131.40:64051] PHP Notice:  Undefined variable: client in /var/www/html/addRelation.php on line 49, referer: https://10.10.7.165/addRelation.php/?p=9
[Tue Dec 06 01:22:50.333863 2016] [:error] [pid 4527] [client 148.100.131.40:64051] PHP Warning:  pg_query(): Query failed: ERROR:  syntax error at or near &quot;9&quot;\nLINE 1: insert into relations (9,,'Father')\n                               ^ in /var/www/html/addRelation.php on line 51, referer: https://10.10.7.165/addRelation.php/?p=9
[Tue Dec 06 01:26:46.853445 2016] [:error] [pid 5235] [client 148.100.131.40:64719] PHP Warning:  pg_query(): Query failed: ERROR:  syntax error at or near &quot;9&quot;\nLINE 1: insert into relations (9,9,'Mother')\n                               ^ in /var/www/html/addRelation.php on line 52, referer: https://10.10.7.165/addRelation.php/?p=9
[Tue Dec 06 01:59:09.662905 2016] [:error] [pid 4364] [client 148.100.131.40:52607] PHP Notice:  Undefined index: loggedin in /var/www/html/addRelation.php on line 7
[Tue Dec 06 01:59:09.668090 2016] [:error] [pid 4364] [client 148.100.131.40:52607] PHP Notice:  Undefined index: loggedin in /var/www/html/addRelation.php on line 7
[Tue Dec 06 01:59:09.673040 2016] [:error] [pid 4364] [client 148.100.131.40:52607] PHP Notice:  Undefined index: loggedin in /var/www/html/addRelation.php on line 7
[Tue Dec 06 01:59:09.678716 2016] [:error] [pid 4364] [client 148.100.131.40:52607] PHP Notice:  Undefined index: loggedin in /var/www/html/addRelation.php on line 7
[Tue Dec 06 01:59:09.683700 2016] [:error] [pid 4364] [client 148.100.131.40:52607] PHP Notice:  Undefined index: loggedin in /var/www/html/addRelation.php on line 7
[Tue Dec 06 01:59:09.688418 2016] [:error] [pid 4364] [client 148.100.131.40:52607] PHP Notice:  Undefined index: loggedin in /var/www/html/addRelation.php on line 7
[Tue Dec 06 01:59:09.693284 2016] [:error] [pid 4364] [client 148.100.131.40:52607] PHP Notice:  Undefined index: loggedin in /var/www/html/addRelation.php on line 7
[Tue Dec 06 01:59:09.697320 2016] [:error] [pid 4364] [client 148.100.131.40:52607] PHP Notice:  Undefined index: loggedin in /var/www/html/addRelation.php on line 7
[Tue Dec 06 01:59:09.701897 2016] [:error] [pid 4364] [client 148.100.131.40:52607] PHP Notice:  Undefined index: loggedin in /var/www/html/addRelation.php on line 7
[Tue Dec 06 01:59:09.707056 2016] [:error] [pid 4364] [client 148.100.131.40:52607] PHP Notice:  Undefined index: loggedin in /var/www/html/addRelation.php on line 7
[Tue Dec 06 01:59:09.712194 2016] [:error] [pid 4364] [client 148.100.131.40:52607] PHP Notice:  Undefined index: loggedin in /var/www/html/addRelation.php on line 7
[Tue Dec 06 01:59:09.719204 2016] [:error] [pid 4364] [client 148.100.131.40:52607] PHP Notice:  Undefined index: loggedin in /var/www/html/addRelation.php on line 7
[Tue Dec 06 01:59:09.725028 2016] [:error] [pid 4364] [client 148.100.131.40:52607] PHP Notice:  Undefined index: loggedin in /var/www/html/addRelation.php on line 7
[Tue Dec 06 01:59:09.730656 2016] [:error] [pid 4364] [client 148.100.131.40:52607] PHP Notice:  Undefined index: loggedin in /var/www/html/addRelation.php on line 7
[Tue Dec 06 01:59:09.735296 2016] [:error] [pid 4364] [client 148.100.131.40:52607] PHP Notice:  Undefined index: loggedin in /var/www/html/addRelation.php on line 7
[Tue Dec 06 01:59:09.740983 2016] [:error] [pid 4364] [client 148.100.131.40:52607] PHP Notice:  Undefined index: loggedin in /var/www/html/addRelation.php on line 7
[Tue Dec 06 01:59:09.746223 2016] [:error] [pid 4364] [client 148.100.131.40:52607] PHP Notice:  Undefined index: loggedin in /var/www/html/addRelation.php on line 7
[Tue Dec 06 01:59:09.751558 2016] [:error] [pid 4364] [client 148.100.131.40:52607] PHP Notice:  Undefined index: loggedin in /var/www/html/addRelation.php on line 7
[Tue Dec 06 01:59:09.756505 2016] [:error] [pid 4364] [client 148.100.131.40:52607] PHP Notice:  Undefined index: loggedin in /var/www/html/addRelation.php on line 7
[Tue Dec 06 01:59:09.760817 2016] [:error] [pid 4364] [client 148.100.131.40:52607] PHP Notice:  Undefined index: loggedin in /var/www/html/addRelation.php on line 7
[Tue Dec 06 01:59:09.766150 2016] [:error] [pid 4364] [client 148.100.131.40:52607] PHP Notice:  Undefined index: loggedin in /var/www/html/addRelation.php on line 7
[Tue Dec 06 01:59:09.873549 2016] [:error] [pid 4364] [client 148.100.131.40:52607] PHP Notice:  Undefined index: loggedin in /var/www/html/addRelation.php on line 7
[Tue Dec 06 01:59:09.879064 2016] [:error] [pid 4364] [client 148.100.131.40:52607] PHP Notice:  Undefined index: loggedin in /var/www/html/addRelation.php on line 7
[Tue Dec 06 01:59:09.884962 2016] [:error] [pid 4364] [client 148.100.131.40:52607] PHP Notice:  Undefined index: loggedin in /var/www/html/addRelation.php on line 7
[Tue Dec 06 01:59:09.890715 2016] [:error] [pid 4364] [client 148.100.131.40:52607] PHP Notice:  Undefined index: loggedin in /var/www/html/addRelation.php on line 7
[Tue Dec 06 01:59:09.896644 2016] [:error] [pid 4364] [client 148.100.131.40:52607] PHP Notice:  Undefined index: loggedin in /var/www/html/addRelation.php on line 7
[Tue Dec 06 01:59:09.902803 2016] [:error] [pid 4364] [client 148.100.131.40:52607] PHP Notice:  Undefined index: loggedin in /var/www/html/addRelation.php on line 7
[Tue Dec 06 01:59:09.910189 2016] [:error] [pid 4364] [client 148.100.131.40:52607] PHP Notice:  Undefined index: loggedin in /var/www/html/addRelation.php on line 7
[Tue Dec 06 01:59:09.915873 2016] [:error] [pid 4364] [client 148.100.131.40:52607] PHP Notice:  Undefined index: loggedin in /var/www/html/addRelation.php on line 7
[Tue Dec 06 01:59:09.921976 2016] [:error] [pid 4364] [client 148.100.131.40:52607] PHP Notice:  Undefined index: loggedin in /var/www/html/addRelation.php on line 7
[Tue Dec 06 01:59:09.928337 2016] [:error] [pid 4364] [client 148.100.131.40:52607] PHP Notice:  Undefined index: loggedin in /var/www/html/addRelation.php on line 7
[Tue Dec 06 01:59:09.935108 2016] [:error] [pid 4364] [client 148.100.131.40:52607] PHP Notice:  Undefined index: loggedin in /var/www/html/addRelation.php on line 7
[Tue Dec 06 01:59:09.942060 2016] [:error] [pid 4364] [client 148.100.131.40:52607] PHP Notice:  Undefined index: loggedin in /var/www/html/addRelation.php on line 7
[Tue Dec 06 01:59:09.947785 2016] [:error] [pid 4364] [client 148.100.131.40:52607] PHP Notice:  Undefined index: loggedin in /var/www/html/addRelation.php on line 7
[Tue Dec 06 01:59:09.954270 2016] [:error] [pid 4364] [client 148.100.131.40:52607] PHP Notice:  Undefined index: loggedin in /var/www/html/addRelation.php on line 7
[Tue Dec 06 01:59:09.960501 2016] [:error] [pid 4364] [client 148.100.131.40:52607] PHP Notice:  Undefined index: loggedin in /var/www/html/addRelation.php on line 7
[Tue Dec 06 01:59:09.967077 2016] [:error] [pid 4364] [client 148.100.131.40:52607] PHP Notice:  Undefined index: loggedin in /var/www/html/addRelation.php on line 7
[Tue Dec 06 01:59:09.974239 2016] [:error] [pid 4364] [client 148.100.131.40:52607] PHP Notice:  Undefined index: loggedin in /var/www/html/addRelation.php on line 7
[Tue Dec 06 01:59:09.979961 2016] [:error] [pid 4364] [client 148.100.131.40:52607] PHP Notice:  Undefined index: loggedin in /var/www/html/addRelation.php on line 7
[Tue Dec 06 01:59:09.986135 2016] [:error] [pid 4364] [client 148.100.131.40:52607] PHP Notice:  Undefined index: loggedin in /var/www/html/addRelation.php on line 7
[Tue Dec 06 01:59:09.992683 2016] [:error] [pid 4364] [client 148.100.131.40:52607] PHP Notice:  Undefined index: loggedin in /var/www/html/addRelation.php on line 7
[Tue Dec 06 01:59:09.999504 2016] [:error] [pid 4364] [client 148.100.131.40:52607] PHP Notice:  Undefined index: loggedin in /var/www/html/addRelation.php on line 7
[Tue Dec 06 01:59:15.147093 2016] [:error] [pid 5235] [client 148.100.131.40:52614] PHP Notice:  Undefined index: loggedin in /var/www/html/addRelation.php on line 7
[Tue Dec 06 01:59:15.156932 2016] [:error] [pid 5235] [client 148.100.131.40:52614] PHP Notice:  Undefined index: loggedin in /var/www/html/addRelation.php on line 7
[Tue Dec 06 01:59:15.166539 2016] [:error] [pid 5235] [client 148.100.131.40:52614] PHP Notice:  Undefined index: loggedin in /var/www/html/addRelation.php on line 7
[Tue Dec 06 01:59:15.175421 2016] [:error] [pid 5235] [client 148.100.131.40:52614] PHP Notice:  Undefined index: loggedin in /var/www/html/addRelation.php on line 7
[Tue Dec 06 01:59:15.375764 2016] [:error] [pid 5235] [client 148.100.131.40:52614] PHP Notice:  Undefined index: loggedin in /var/www/html/addRelation.php on line 7
[Tue Dec 06 01:59:15.382449 2016] [:error] [pid 5235] [client 148.100.131.40:52614] PHP Notice:  Undefined index: loggedin in /var/www/html/addRelation.php on line 7
[Tue Dec 06 01:59:15.389527 2016] [:error] [pid 5235] [client 148.100.131.40:52614] PHP Notice:  Undefined index: loggedin in /var/www/html/addRelation.php on line 7
[Tue Dec 06 01:59:15.397879 2016] [:error] [pid 5235] [client 148.100.131.40:52614] PHP Notice:  Undefined index: loggedin in /var/www/html/addRelation.php on line 7
[Tue Dec 06 01:59:15.403309 2016] [:error] [pid 5235] [client 148.100.131.40:52614] PHP Notice:  Undefined index: loggedin in /var/www/html/addRelation.php on line 7
[Tue Dec 06 01:59:15.409577 2016] [:error] [pid 5235] [client 148.100.131.40:52614] PHP Notice:  Undefined index: loggedin in /var/www/html/addRelation.php on line 7
[Tue Dec 06 01:59:15.415642 2016] [:error] [pid 5235] [client 148.100.131.40:52614] PHP Notice:  Undefined index: loggedin in /var/www/html/addRelation.php on line 7
[Tue Dec 06 01:59:15.421642 2016] [:error] [pid 5235] [client 148.100.131.40:52614] PHP Notice:  Undefined index: loggedin in /var/www/html/addRelation.php on line 7
[Tue Dec 06 01:59:15.425950 2016] [:error] [pid 5235] [client 148.100.131.40:52614] PHP Notice:  Undefined index: loggedin in /var/www/html/addRelation.php on line 7
[Tue Dec 06 01:59:15.430175 2016] [:error] [pid 5235] [client 148.100.131.40:52614] PHP Notice:  Undefined index: loggedin in /var/www/html/addRelation.php on line 7
[Tue Dec 06 01:59:15.434556 2016] [:error] [pid 5235] [client 148.100.131.40:52614] PHP Notice:  Undefined index: loggedin in /var/www/html/addRelation.php on line 7
[Tue Dec 06 01:59:15.439846 2016] [:error] [pid 5235] [client 148.100.131.40:52614] PHP Notice:  Undefined index: loggedin in /var/www/html/addRelation.php on line 7
[Tue Dec 06 01:59:15.444311 2016] [:error] [pid 5235] [client 148.100.131.40:52614] PHP Notice:  Undefined index: loggedin in /var/www/html/addRelation.php on line 7
[Tue Dec 06 01:59:15.450513 2016] [:error] [pid 5235] [client 148.100.131.40:52614] PHP Notice:  Undefined index: loggedin in /var/www/html/addRelation.php on line 7
[Tue Dec 06 01:59:15.456343 2016] [:error] [pid 5235] [client 148.100.131.40:52614] PHP Notice:  Undefined index: loggedin in /var/www/html/addRelation.php on line 7
[Tue Dec 06 01:59:15.463292 2016] [:error] [pid 5235] [client 148.100.131.40:52614] PHP Notice:  Undefined index: loggedin in /var/www/html/addRelation.php on line 7
[Tue Dec 06 01:59:15.469029 2016] [:error] [pid 5235] [client 148.100.131.40:52614] PHP Notice:  Undefined index: loggedin in /var/www/html/addRelation.php on line 7
[Tue Dec 06 01:59:45.574670 2016] [:error] [pid 4990] [client 148.100.131.40:52646] PHP Notice:  Undefined index: loggedin in /var/www/html/addRelation.php on line 7
[Tue Dec 06 01:59:45.583871 2016] [:error] [pid 4990] [client 148.100.131.40:52646] PHP Notice:  Undefined index: loggedin in /var/www/html/index2.php on line 3
[Tue Dec 06 01:59:52.642031 2016] [:error] [pid 4364] [client 148.100.131.40:52655] PHP Notice:  Undefined index: loggedin in /var/www/html/index2.php on line 3, referer: https://10.10.7.165/index2.php
[Tue Dec 06 01:59:52.667065 2016] [:error] [pid 4364] [client 148.100.131.40:52655] PHP Notice:  Use of undefined constant ob_start - assumed 'ob_start' in /var/www/html/index2.php on line 46, referer: https://10.10.7.165/index2.php
[Tue Dec 06 01:59:52.667114 2016] [:error] [pid 4364] [client 148.100.131.40:52655] PHP Notice:  Use of undefined constant ob_clean - assumed 'ob_clean' in /var/www/html/index2.php on line 48, referer: https://10.10.7.165/index2.php
[Tue Dec 06 02:04:34.566699 2016] [:error] [pid 5232] [client 148.100.166.235:56373] PHP Parse error:  syntax error, unexpected 'clientview2' (T_STRING) in /var/www/html/tree.php on line 17
[Tue Dec 06 02:08:08.277402 2016] [:error] [pid 5234] [client 148.100.166.235:56922] PHP Parse error:  syntax error, unexpected '=' in /var/www/html/tree.php on line 24
[Tue Dec 06 02:13:27.963976 2016] [:error] [pid 5233] [client 148.100.131.40:53423] PHP Notice:  Undefined index: image in /var/www/html/addLifeCoach.php on line 93
[Tue Dec 06 02:13:27.964117 2016] [:error] [pid 5233] [client 148.100.131.40:53423] PHP Notice:  Undefined index: image in /var/www/html/addLifeCoach.php on line 94
[Tue Dec 06 02:13:27.964134 2016] [:error] [pid 5233] [client 148.100.131.40:53423] PHP Notice:  Undefined index: image in /var/www/html/addLifeCoach.php on line 95
[Tue Dec 06 02:21:56.996316 2016] [:error] [pid 5234] [client 148.100.131.40:53904] PHP Warning:  pg_query(): Query failed: ERROR:  column &quot;pid&quot; of relation &quot;lifecoaches&quot; does not exist\nLINE 1: insert into lifecoaches(pid,username,authority,password,pass...\n                                ^ in /var/www/html/addLifeCoach.php on line 93, referer: https://10.10.7.165/addLifeCoach.php
[Tue Dec 06 02:22:03.158331 2016] [:error] [pid 4364] [client 148.100.131.40:53913] PHP Notice:  Undefined index: loggedin in /var/www/html/index2.php on line 3, referer: https://10.10.7.165/addLifeCoach.php
[Tue Dec 06 02:22:12.015313 2016] [:error] [pid 5232] [client 148.100.131.40:53923] PHP Notice:  Undefined index: loggedin in /var/www/html/index2.php on line 3, referer: https://10.10.7.165/index2.php
[Tue Dec 06 02:25:23.303011 2016] [:error] [pid 4175] [client 148.100.166.235:59012] PHP Notice:  Undefined variable: db_conn in /var/www/html/tree.php on line 15
[Tue Dec 06 02:25:23.303063 2016] [:error] [pid 4175] [client 148.100.166.235:59012] PHP Warning:  pg_query() expects parameter 1 to be resource, null given in /var/www/html/tree.php on line 15
[Tue Dec 06 02:25:23.303073 2016] [:error] [pid 4175] [client 148.100.166.235:59012] PHP Warning:  pg_fetch_array() expects parameter 1 to be resource, null given in /var/www/html/tree.php on line 16
[Tue Dec 06 02:25:23.303082 2016] [:error] [pid 4175] [client 148.100.166.235:59012] PHP Warning:  pg_fetch_array() expects parameter 1 to be resource, null given in /var/www/html/tree.php on line 23
[Tue Dec 06 02:25:23.303087 2016] [:error] [pid 4175] [client 148.100.166.235:59012] PHP Warning:  pg_fetch_array() expects parameter 1 to be resource, null given in /var/www/html/tree.php on line 28
[Tue Dec 06 02:25:23.303092 2016] [:error] [pid 4175] [client 148.100.166.235:59012] PHP Warning:  pg_fetch_array() expects parameter 1 to be resource, null given in /var/www/html/tree.php on line 35
[Tue Dec 06 02:25:23.303096 2016] [:error] [pid 4175] [client 148.100.166.235:59012] PHP Warning:  pg_fetch_array() expects parameter 1 to be resource, null given in /var/www/html/tree.php on line 40
[Tue Dec 06 02:25:23.303100 2016] [:error] [pid 4175] [client 148.100.166.235:59012] PHP Warning:  pg_fetch_array() expects parameter 1 to be resource, null given in /var/www/html/tree.php on line 47
[Tue Dec 06 02:25:23.303104 2016] [:error] [pid 4175] [client 148.100.166.235:59012] PHP Warning:  pg_fetch_array() expects parameter 1 to be resource, null given in /var/www/html/tree.php on line 56
[Tue Dec 06 02:25:23.303108 2016] [:error] [pid 4175] [client 148.100.166.235:59012] PHP Warning:  pg_fetch_array() expects parameter 1 to be resource, null given in /var/www/html/tree.php on line 61
[Tue Dec 06 02:25:23.303113 2016] [:error] [pid 4175] [client 148.100.166.235:59012] PHP Warning:  pg_fetch_array() expects parameter 1 to be resource, null given in /var/www/html/tree.php on line 67
[Tue Dec 06 02:25:23.303117 2016] [:error] [pid 4175] [client 148.100.166.235:59012] PHP Warning:  pg_fetch_array() expects parameter 1 to be resource, null given in /var/www/html/tree.php on line 74
[Tue Dec 06 02:25:23.303121 2016] [:error] [pid 4175] [client 148.100.166.235:59012] PHP Warning:  pg_fetch_array() expects parameter 1 to be resource, null given in /var/www/html/tree.php on line 81
[Tue Dec 06 02:25:23.303125 2016] [:error] [pid 4175] [client 148.100.166.235:59012] PHP Warning:  pg_fetch_array() expects parameter 1 to be resource, null given in /var/www/html/tree.php on line 88
[Tue Dec 06 02:25:23.303129 2016] [:error] [pid 4175] [client 148.100.166.235:59012] PHP Warning:  pg_fetch_array() expects parameter 1 to be resource, null given in /var/www/html/tree.php on line 95
[Tue Dec 06 02:25:23.303133 2016] [:error] [pid 4175] [client 148.100.166.235:59012] PHP Warning:  pg_fetch_array() expects parameter 1 to be resource, null given in /var/www/html/tree.php on line 103
[Tue Dec 06 02:26:12.570536 2016] [:error] [pid 4527] [client 148.100.131.40:54190] PHP Notice:  Undefined index: loggedin in /var/www/html/index2.php on line 3, referer: https://10.10.7.165/index2.php
[Tue Dec 06 02:26:28.552924 2016] [:error] [pid 5232] [client 148.100.131.40:54214] PHP Notice:  Undefined index: loggedin in /var/www/html/clientview2.php on line 6
[Tue Dec 06 02:26:28.562082 2016] [:error] [pid 5232] [client 148.100.131.40:54214] PHP Notice:  Undefined index: loggedin in /var/www/html/index2.php on line 3
[Tue Dec 06 02:26:36.811010 2016] [:error] [pid 5234] [client 148.100.131.40:54224] PHP Notice:  Undefined index: loggedin in /var/www/html/index2.php on line 3, referer: https://10.10.7.165/index2.php
[Tue Dec 06 02:26:36.823178 2016] [:error] [pid 5234] [client 148.100.131.40:54224] PHP Notice:  Use of undefined constant ob_start - assumed 'ob_start' in /var/www/html/index2.php on line 46, referer: https://10.10.7.165/index2.php
[Tue Dec 06 02:26:36.823197 2016] [:error] [pid 5234] [client 148.100.131.40:54224] PHP Notice:  Use of undefined constant ob_clean - assumed 'ob_clean' in /var/www/html/index2.php on line 48, referer: https://10.10.7.165/index2.php
[Tue Dec 06 02:27:58.588621 2016] [:error] [pid 4172] [client 148.100.131.40:54304] PHP Warning:  pg_query(): Query failed: ERROR:  column &quot;pid&quot; of relation &quot;lifecoaches&quot; does not exist\nLINE 1: insert into lifecoaches(pid,username,authority,password,pass...\n                                ^ in /var/www/html/addLifeCoach.php on line 100, referer: https://10.10.7.165/addLifeCoach.php
[Tue Dec 06 02:31:29.216353 2016] [:error] [pid 5232] [client 148.100.131.40:54530] PHP Notice:  Undefined index: loggedin in /var/www/html/index2.php on line 3, referer: https://10.10.7.165/addLifeCoach.php
[Tue Dec 06 02:31:35.387791 2016] [:error] [pid 5235] [client 148.100.131.40:54542] PHP Notice:  Undefined index: loggedin in /var/www/html/index2.php on line 3, referer: https://10.10.7.165/index2.php
[Tue Dec 06 02:31:35.406775 2016] [:error] [pid 5235] [client 148.100.131.40:54542] PHP Notice:  Use of undefined constant ob_start - assumed 'ob_start' in /var/www/html/index2.php on line 46, referer: https://10.10.7.165/index2.php
[Tue Dec 06 02:31:35.406797 2016] [:error] [pid 5235] [client 148.100.131.40:54542] PHP Notice:  Use of undefined constant ob_clean - assumed 'ob_clean' in /var/www/html/index2.php on line 48, referer: https://10.10.7.165/index2.php
[Tue Dec 06 02:31:55.126019 2016] [:error] [pid 5234] [client 148.100.131.40:54563] PHP Notice:  Undefined index: loggedin in /var/www/html/index2.php on line 3, referer: https://10.10.7.165/lifecoachlanding3.php
[Tue Dec 06 02:31:59.088395 2016] [:error] [pid 5234] [client 148.100.131.40:54563] PHP Notice:  Undefined index: loggedin in /var/www/html/index2.php on line 3, referer: https://10.10.7.165/index2.php
[Tue Dec 06 02:31:59.110726 2016] [:error] [pid 5234] [client 148.100.131.40:54563] PHP Notice:  Use of undefined constant ob_start - assumed 'ob_start' in /var/www/html/index2.php on line 46, referer: https://10.10.7.165/index2.php
[Tue Dec 06 02:31:59.110742 2016] [:error] [pid 5234] [client 148.100.131.40:54563] PHP Notice:  Use of undefined constant ob_clean - assumed 'ob_clean' in /var/www/html/index2.php on line 48, referer: https://10.10.7.165/index2.php
[Tue Dec 06 02:33:01.465894 2016] [:error] [pid 4364] [client 148.100.131.40:54628] PHP Notice:  Undefined index: loggedin in /var/www/html/index2.php on line 3, referer: https://10.10.7.165/adminlanding3.php
[Tue Dec 06 02:35:14.928076 2016] [:error] [pid 5235] [client 148.100.131.40:54751] PHP Notice:  Undefined index: loggedin in /var/www/html/index2.php on line 3, referer: https://10.10.7.165/index2.php
[Tue Dec 06 02:35:14.942803 2016] [:error] [pid 5235] [client 148.100.131.40:54751] PHP Notice:  Use of undefined constant ob_start - assumed 'ob_start' in /var/www/html/index2.php on line 46, referer: https://10.10.7.165/index2.php
[Tue Dec 06 02:35:14.942853 2016] [:error] [pid 5235] [client 148.100.131.40:54751] PHP Notice:  Use of undefined constant ob_clean - assumed 'ob_clean' in /var/www/html/index2.php on line 48, referer: https://10.10.7.165/index2.php
[Tue Dec 06 02:37:50.225094 2016] [:error] [pid 5234] [client 148.100.131.40:54906] PHP Warning:  pg_query(): Query failed: ERROR:  column &quot;person_id&quot; of relation &quot;lifecoaches&quot; does not exist\nLINE 1: insert into lifecoaches(person_id,username,authority,passwor...\n                                ^ in /var/www/html/addLifeCoach.php on line 102, referer: https://10.10.7.165/addLifeCoach.php
[Tue Dec 06 02:46:29.044106 2016] [:error] [pid 4175] [client 148.100.131.40:55410] PHP Parse error:  syntax error, unexpected end of file in /var/www/html/addLifeCoach.php on line 137, referer: https://10.10.7.165/addLifeCoach.php
[Tue Dec 06 03:20:51.582297 2016] [:error] [pid 5234] [client 148.100.131.40:57183] PHP Notice:  Undefined index: loggedin in /var/www/html/index2.php on line 3, referer: https://10.10.7.165/addLifeCoach.php
[Tue Dec 06 03:20:59.562883 2016] [:error] [pid 4364] [client 148.100.131.40:57192] PHP Notice:  Undefined index: loggedin in /var/www/html/index2.php on line 3, referer: https://10.10.7.165/index2.php
[Tue Dec 06 03:20:59.577236 2016] [:error] [pid 4364] [client 148.100.131.40:57192] PHP Notice:  Use of undefined constant ob_start - assumed 'ob_start' in /var/www/html/index2.php on line 49, referer: https://10.10.7.165/index2.php
[Tue Dec 06 03:20:59.577254 2016] [:error] [pid 4364] [client 148.100.131.40:57192] PHP Notice:  Use of undefined constant ob_clean - assumed 'ob_clean' in /var/www/html/index2.php on line 51, referer: https://10.10.7.165/index2.php
[Tue Dec 06 03:23:54.707106 2016] [:error] [pid 4172] [client 148.100.131.40:49620] PHP Notice:  Use of undefined constant fname - assumed 'fname' in /var/www/html/clientcontact.php on line 144, referer: https://10.10.7.165/lifecoachlanding3.php
[Tue Dec 06 03:23:54.707162 2016] [:error] [pid 4172] [client 148.100.131.40:49620] PHP Notice:  Use of undefined constant lname - assumed 'lname' in /var/www/html/clientcontact.php on line 144, referer: https://10.10.7.165/lifecoachlanding3.php
[Tue Dec 06 03:23:54.707175 2016] [:error] [pid 4172] [client 148.100.131.40:49620] PHP Notice:  Use of undefined constant fname - assumed 'fname' in /var/www/html/clientcontact.php on line 144, referer: https://10.10.7.165/lifecoachlanding3.php
[Tue Dec 06 03:23:54.707180 2016] [:error] [pid 4172] [client 148.100.131.40:49620] PHP Notice:  Use of undefined constant lname - assumed 'lname' in /var/www/html/clientcontact.php on line 144, referer: https://10.10.7.165/lifecoachlanding3.php
[Tue Dec 06 03:23:54.707186 2016] [:error] [pid 4172] [client 148.100.131.40:49620] PHP Notice:  Use of undefined constant fname - assumed 'fname' in /var/www/html/clientcontact.php on line 144, referer: https://10.10.7.165/lifecoachlanding3.php
[Tue Dec 06 03:23:54.707191 2016] [:error] [pid 4172] [client 148.100.131.40:49620] PHP Notice:  Use of undefined constant lname - assumed 'lname' in /var/www/html/clientcontact.php on line 144, referer: https://10.10.7.165/lifecoachlanding3.php
[Tue Dec 06 03:23:54.707197 2016] [:error] [pid 4172] [client 148.100.131.40:49620] PHP Notice:  Use of undefined constant fname - assumed 'fname' in /var/www/html/clientcontact.php on line 144, referer: https://10.10.7.165/lifecoachlanding3.php
[Tue Dec 06 03:23:54.707202 2016] [:error] [pid 4172] [client 148.100.131.40:49620] PHP Notice:  Use of undefined constant lname - assumed 'lname' in /var/www/html/clientcontact.php on line 144, referer: https://10.10.7.165/lifecoachlanding3.php
[Tue Dec 06 03:23:54.707208 2016] [:error] [pid 4172] [client 148.100.131.40:49620] PHP Notice:  Use of undefined constant fname - assumed 'fname' in /var/www/html/clientcontact.php on line 144, referer: https://10.10.7.165/lifecoachlanding3.php
[Tue Dec 06 03:23:54.707212 2016] [:error] [pid 4172] [client 148.100.131.40:49620] PHP Notice:  Use of undefined constant lname - assumed 'lname' in /var/www/html/clientcontact.php on line 144, referer: https://10.10.7.165/lifecoachlanding3.php
[Tue Dec 06 03:23:54.707219 2016] [:error] [pid 4172] [client 148.100.131.40:49620] PHP Notice:  Use of undefined constant fname - assumed 'fname' in /var/www/html/clientcontact.php on line 144, referer: https://10.10.7.165/lifecoachlanding3.php
[Tue Dec 06 03:23:54.707223 2016] [:error] [pid 4172] [client 148.100.131.40:49620] PHP Notice:  Use of undefined constant lname - assumed 'lname' in /var/www/html/clientcontact.php on line 144, referer: https://10.10.7.165/lifecoachlanding3.php
[Tue Dec 06 03:23:54.707268 2016] [:error] [pid 4172] [client 148.100.131.40:49620] PHP Notice:  Use of undefined constant fname - assumed 'fname' in /var/www/html/clientcontact.php on line 144, referer: https://10.10.7.165/lifecoachlanding3.php
[Tue Dec 06 03:23:54.707275 2016] [:error] [pid 4172] [client 148.100.131.40:49620] PHP Notice:  Use of undefined constant lname - assumed 'lname' in /var/www/html/clientcontact.php on line 144, referer: https://10.10.7.165/lifecoachlanding3.php
